<?xml version="1.0" encoding="UTF-8"?>
<TestRun id="4116e878-45df-4f51-979e-eea4ba612f57" name="Wei@PKU-AAF96026023 2020-11-09 11:09:57" runUser="PKU-AAF96026023\Wei" xmlns="http://microsoft.com/schemas/VisualStudio/TeamTest/2010">
  <TestSettings name="Local Test Run" id="182bb8b1-9d2b-40bc-b28f-8b13ae0c156d">
    <Description>This is a default test run configuration for a local test run.</Description>
    <Deployment runDeploymentRoot="Wei_PKU-AAF96026023 2020-11-09 11_09_57">
      <DeploymentItem filename="C:\Documents and Settings\Wei\桌面\moda_cs527\Lib\Antlr3.Runtime.dll" />
      <DeploymentItem filename="C:\Documents and Settings\Wei\桌面\moda_cs527\MockDBMS\bin\Debug\MockDBMS.dll" />
    </Deployment>
    <Execution>
      <TestTypeSpecific />
      <AgentRule name="Execution Agents">
      </AgentRule>
    </Execution>
  </TestSettings>
  <Times creation="2020-11-09T11:09:57.6929750+08:00" queuing="2020-11-09T11:09:59.9261862+08:00" start="2020-11-09T11:10:00.0363446+08:00" finish="2020-11-09T11:10:04.3024790+08:00" />
  <ResultSummary outcome="Error">
    <Counters total="8" executed="1" error="0" failed="0" timeout="0" aborted="1" inconclusive="0" passedButRunAborted="0" notRunnable="0" notExecuted="7" disconnected="0" warning="0" passed="0" completed="0" inProgress="0" pending="0" />
    <RunInfos>
      <RunInfo computerName="PKU-AAF96026023" outcome="Error" timestamp="2020-11-09T11:10:04.3024790+08:00">
        <Text>测试宿主进程意外退出。</Text>
      </RunInfo>
    </RunInfos>
  </ResultSummary>
  <TestDefinitions>
    <UnitTest name="testTest" storage="c:\documents and settings\wei\桌面\moda_cs527\testdbapp\bin\debug\testdbapp.dll" id="00f220a2-f150-dde3-376d-fefb289ba9b9">
      <Execution id="02364696-02a7-493c-80bc-9286a6d7947f" />
      <TestMethod codeBase="C:/Documents and Settings/Wei/桌面/moda_cs527/TestDBApp/bin/Debug/TestDBApp.DLL" adapterTypeName="Microsoft.VisualStudio.TestTools.TestTypes.Unit.UnitTestAdapter, Microsoft.VisualStudio.QualityTools.Tips.UnitTest.Adapter, Version=10.0.0.0, Culture=neutral, PublicKeyToken=b03f5f7f11d50a3a" className="TestDBApp.PexTestClassTest, TestDBApp, Version=1.0.0.0, Culture=neutral, PublicKeyToken=null" name="testTest" />
    </UnitTest>
    <UnitTest name="testSQL17102" storage="c:\documents and settings\wei\桌面\moda_cs527\testdbapp\bin\debug\testdbapp.dll" id="949ad308-2d28-899f-1052-3501506f32ae">
      <Execution id="8412e0b5-2a4f-4f1f-ad34-35c98fe139f9" />
      <TestMethod codeBase="C:/Documents and Settings/Wei/桌面/moda_cs527/TestDBApp/bin/Debug/TestDBApp.DLL" adapterTypeName="Microsoft.VisualStudio.TestTools.TestTypes.Unit.UnitTestAdapter, Microsoft.VisualStudio.QualityTools.Tips.UnitTest.Adapter, Version=10.0.0.0, Culture=neutral, PublicKeyToken=b03f5f7f11d50a3a" className="MyApplication.PexTestClass, TestDBApp, Version=1.0.0.0, Culture=neutral, PublicKeyToken=null" name="testSQL17102" />
    </UnitTest>
    <UnitTest name="testSQL959" storage="c:\documents and settings\wei\桌面\moda_cs527\testdbapp\bin\debug\testdbapp.dll" id="567e276c-98b3-2a1e-824d-89cdabfac49a">
      <Execution id="d5547f15-0ce9-48af-8c38-d65085091cd1" />
      <TestMethod codeBase="C:/Documents and Settings/Wei/桌面/moda_cs527/TestDBApp/bin/Debug/TestDBApp.DLL" adapterTypeName="Microsoft.VisualStudio.TestTools.TestTypes.Unit.UnitTestAdapter, Microsoft.VisualStudio.QualityTools.Tips.UnitTest.Adapter, Version=10.0.0.0, Culture=neutral, PublicKeyToken=b03f5f7f11d50a3a" className="MyApplication.PexTestClass, TestDBApp, Version=1.0.0.0, Culture=neutral, PublicKeyToken=null" name="testSQL959" />
    </UnitTest>
    <UnitTest name="TestMain" storage="c:\documents and settings\wei\桌面\moda_cs527\testdbapp\bin\debug\testdbapp.dll" id="467bbc26-d123-8fe0-f79e-4acbdff39ad4">
      <Execution id="3266d1d0-8a2c-48ae-aed3-de4bfcf98fcc" />
      <TestMethod codeBase="C:/Documents and Settings/Wei/桌面/moda_cs527/TestDBApp/bin/Debug/TestDBApp.DLL" adapterTypeName="Microsoft.VisualStudio.TestTools.TestTypes.Unit.UnitTestAdapter, Microsoft.VisualStudio.QualityTools.Tips.UnitTest.Adapter, Version=10.0.0.0, Culture=neutral, PublicKeyToken=b03f5f7f11d50a3a" className="MyApplication.PexTestClass, TestDBApp, Version=1.0.0.0, Culture=neutral, PublicKeyToken=null" name="TestMain" />
    </UnitTest>
    <UnitTest name="testExample" storage="c:\documents and settings\wei\桌面\moda_cs527\testdbapp\bin\debug\testdbapp.dll" id="861209ae-ecf9-51bf-5f5b-72ef591bb0e3">
      <Execution id="8ff3a3f8-5db9-47de-89df-0af9735d0890" />
      <TestMethod codeBase="C:/Documents and Settings/Wei/桌面/moda_cs527/TestDBApp/bin/Debug/TestDBApp.DLL" adapterTypeName="Microsoft.VisualStudio.TestTools.TestTypes.Unit.UnitTestAdapter, Microsoft.VisualStudio.QualityTools.Tips.UnitTest.Adapter, Version=10.0.0.0, Culture=neutral, PublicKeyToken=b03f5f7f11d50a3a" className="TestDBApp.PexTestClassTest, TestDBApp, Version=1.0.0.0, Culture=neutral, PublicKeyToken=null" name="testExample" />
    </UnitTest>
    <UnitTest name="testSQL171" storage="c:\documents and settings\wei\桌面\moda_cs527\testdbapp\bin\debug\testdbapp.dll" id="25321edf-18c4-cb63-a559-7abe9d459131">
      <Execution id="612f4115-2a1c-40b5-a9de-00353050a832" />
      <TestMethod codeBase="C:/Documents and Settings/Wei/桌面/moda_cs527/TestDBApp/bin/Debug/TestDBApp.DLL" adapterTypeName="Microsoft.VisualStudio.TestTools.TestTypes.Unit.UnitTestAdapter, Microsoft.VisualStudio.QualityTools.Tips.UnitTest.Adapter, Version=10.0.0.0, Culture=neutral, PublicKeyToken=b03f5f7f11d50a3a" className="MyApplication.PexTestClass, TestDBApp, Version=1.0.0.0, Culture=neutral, PublicKeyToken=null" name="testSQL171" />
    </UnitTest>
    <UnitTest name="testMe" storage="c:\documents and settings\wei\桌面\moda_cs527\testdbapp\bin\debug\testdbapp.dll" id="e77281f7-102b-058d-de4c-d076845bcac1">
      <Execution id="091c96d2-fcc5-465f-82ee-dcc3f00ed16d" />
      <TestMethod codeBase="C:/Documents and Settings/Wei/桌面/moda_cs527/TestDBApp/bin/Debug/TestDBApp.DLL" adapterTypeName="Microsoft.VisualStudio.TestTools.TestTypes.Unit.UnitTestAdapter, Microsoft.VisualStudio.QualityTools.Tips.UnitTest.Adapter, Version=10.0.0.0, Culture=neutral, PublicKeyToken=b03f5f7f11d50a3a" className="MyApplication.PexTestClass, TestDBApp, Version=1.0.0.0, Culture=neutral, PublicKeyToken=null" name="testMe" />
    </UnitTest>
    <UnitTest name="testSQL17101" storage="c:\documents and settings\wei\桌面\moda_cs527\testdbapp\bin\debug\testdbapp.dll" id="eadf0ca1-c0d2-f048-e5e9-e575db8d1158">
      <Execution id="6391197d-94f9-44a9-a570-b11e50d58a44" />
      <TestMethod codeBase="C:/Documents and Settings/Wei/桌面/moda_cs527/TestDBApp/bin/Debug/TestDBApp.DLL" adapterTypeName="Microsoft.VisualStudio.TestTools.TestTypes.Unit.UnitTestAdapter, Microsoft.VisualStudio.QualityTools.Tips.UnitTest.Adapter, Version=10.0.0.0, Culture=neutral, PublicKeyToken=b03f5f7f11d50a3a" className="MyApplication.PexTestClass, TestDBApp, Version=1.0.0.0, Culture=neutral, PublicKeyToken=null" name="testSQL17101" />
    </UnitTest>
  </TestDefinitions>
  <TestLists>
    <TestList name="列表中未列出的结果" id="8c84fa94-04c1-424b-9868-57a2d4851a1d" />
    <TestList name="所有已加载的结果" id="19431567-8539-422a-85d7-44ee4e166bda" />
  </TestLists>
  <TestEntries>
    <TestEntry testId="467bbc26-d123-8fe0-f79e-4acbdff39ad4" executionId="3266d1d0-8a2c-48ae-aed3-de4bfcf98fcc" testListId="8c84fa94-04c1-424b-9868-57a2d4851a1d" />
    <TestEntry testId="e77281f7-102b-058d-de4c-d076845bcac1" executionId="091c96d2-fcc5-465f-82ee-dcc3f00ed16d" testListId="8c84fa94-04c1-424b-9868-57a2d4851a1d" />
    <TestEntry testId="861209ae-ecf9-51bf-5f5b-72ef591bb0e3" executionId="8ff3a3f8-5db9-47de-89df-0af9735d0890" testListId="8c84fa94-04c1-424b-9868-57a2d4851a1d" />
    <TestEntry testId="00f220a2-f150-dde3-376d-fefb289ba9b9" executionId="02364696-02a7-493c-80bc-9286a6d7947f" testListId="8c84fa94-04c1-424b-9868-57a2d4851a1d" />
    <TestEntry testId="25321edf-18c4-cb63-a559-7abe9d459131" executionId="612f4115-2a1c-40b5-a9de-00353050a832" testListId="8c84fa94-04c1-424b-9868-57a2d4851a1d" />
    <TestEntry testId="eadf0ca1-c0d2-f048-e5e9-e575db8d1158" executionId="6391197d-94f9-44a9-a570-b11e50d58a44" testListId="8c84fa94-04c1-424b-9868-57a2d4851a1d" />
    <TestEntry testId="567e276c-98b3-2a1e-824d-89cdabfac49a" executionId="d5547f15-0ce9-48af-8c38-d65085091cd1" testListId="8c84fa94-04c1-424b-9868-57a2d4851a1d" />
    <TestEntry testId="949ad308-2d28-899f-1052-3501506f32ae" executionId="8412e0b5-2a4f-4f1f-ad34-35c98fe139f9" testListId="8c84fa94-04c1-424b-9868-57a2d4851a1d" />
  </TestEntries>
  <Results>
    <UnitTestResult executionId="3266d1d0-8a2c-48ae-aed3-de4bfcf98fcc" testId="467bbc26-d123-8fe0-f79e-4acbdff39ad4" testName="TestMain" computerName="PKU-AAF96026023" duration="00:00:04.1659904" startTime="2020-11-09T11:10:00.1364886+08:00" endTime="2020-11-09T11:10:04.3024790+08:00" testType="13cdc9d9-ddb5-4fa4-a97d-d965ccfc6d4b" outcome="Aborted" testListId="8c84fa94-04c1-424b-9868-57a2d4851a1d" relativeResultsDirectory="3266d1d0-8a2c-48ae-aed3-de4bfcf98fcc">
    </UnitTestResult>
    <UnitTestResult executionId="091c96d2-fcc5-465f-82ee-dcc3f00ed16d" testId="e77281f7-102b-058d-de4c-d076845bcac1" testName="testMe" computerName="PKU-AAF96026023" testType="13cdc9d9-ddb5-4fa4-a97d-d965ccfc6d4b" outcome="NotExecuted" testListId="8c84fa94-04c1-424b-9868-57a2d4851a1d" relativeResultsDirectory="091c96d2-fcc5-465f-82ee-dcc3f00ed16d">
    </UnitTestResult>
    <UnitTestResult executionId="8ff3a3f8-5db9-47de-89df-0af9735d0890" testId="861209ae-ecf9-51bf-5f5b-72ef591bb0e3" testName="testExample" computerName="PKU-AAF96026023" testType="13cdc9d9-ddb5-4fa4-a97d-d965ccfc6d4b" outcome="NotExecuted" testListId="8c84fa94-04c1-424b-9868-57a2d4851a1d" relativeResultsDirectory="8ff3a3f8-5db9-47de-89df-0af9735d0890">
    </UnitTestResult>
    <UnitTestResult executionId="02364696-02a7-493c-80bc-9286a6d7947f" testId="00f220a2-f150-dde3-376d-fefb289ba9b9" testName="testTest" computerName="PKU-AAF96026023" testType="13cdc9d9-ddb5-4fa4-a97d-d965ccfc6d4b" outcome="NotExecuted" testListId="8c84fa94-04c1-424b-9868-57a2d4851a1d" relativeResultsDirectory="02364696-02a7-493c-80bc-9286a6d7947f">
    </UnitTestResult>
    <UnitTestResult executionId="612f4115-2a1c-40b5-a9de-00353050a832" testId="25321edf-18c4-cb63-a559-7abe9d459131" testName="testSQL171" computerName="PKU-AAF96026023" testType="13cdc9d9-ddb5-4fa4-a97d-d965ccfc6d4b" outcome="NotExecuted" testListId="8c84fa94-04c1-424b-9868-57a2d4851a1d" relativeResultsDirectory="612f4115-2a1c-40b5-a9de-00353050a832">
    </UnitTestResult>
    <UnitTestResult executionId="6391197d-94f9-44a9-a570-b11e50d58a44" testId="eadf0ca1-c0d2-f048-e5e9-e575db8d1158" testName="testSQL17101" computerName="PKU-AAF96026023" testType="13cdc9d9-ddb5-4fa4-a97d-d965ccfc6d4b" outcome="NotExecuted" testListId="8c84fa94-04c1-424b-9868-57a2d4851a1d" relativeResultsDirectory="6391197d-94f9-44a9-a570-b11e50d58a44">
    </UnitTestResult>
    <UnitTestResult executionId="d5547f15-0ce9-48af-8c38-d65085091cd1" testId="567e276c-98b3-2a1e-824d-89cdabfac49a" testName="testSQL959" computerName="PKU-AAF96026023" testType="13cdc9d9-ddb5-4fa4-a97d-d965ccfc6d4b" outcome="NotExecuted" testListId="8c84fa94-04c1-424b-9868-57a2d4851a1d" relativeResultsDirectory="d5547f15-0ce9-48af-8c38-d65085091cd1">
    </UnitTestResult>
    <UnitTestResult executionId="8412e0b5-2a4f-4f1f-ad34-35c98fe139f9" testId="949ad308-2d28-899f-1052-3501506f32ae" testName="testSQL17102" computerName="PKU-AAF96026023" testType="13cdc9d9-ddb5-4fa4-a97d-d965ccfc6d4b" outcome="NotExecuted" testListId="8c84fa94-04c1-424b-9868-57a2d4851a1d" relativeResultsDirectory="8412e0b5-2a4f-4f1f-ad34-35c98fe139f9">
    </UnitTestResult>
  </Results>
</TestRun>