<?xml version="1.0" encoding="UTF-8"?>
<TestRun id="da7fc640-5461-4cbc-99b4-0aff847b6717" name="Wei@PKU-AAF96026023 2020-11-08 19:19:07" runUser="PKU-AAF96026023\Wei" xmlns="http://microsoft.com/schemas/VisualStudio/TeamTest/2010">
  <TestSettings name="Local Test Run" id="182bb8b1-9d2b-40bc-b28f-8b13ae0c156d">
    <Description>This is a default test run configuration for a local test run.</Description>
    <Deployment runDeploymentRoot="Wei_PKU-AAF96026023 2020-11-08 19_19_07">
      <DeploymentItem filename="C:\Documents and Settings\Wei\桌面\moda_cs527\Lib\Antlr3.Runtime.dll" />
      <DeploymentItem filename="C:\Documents and Settings\Wei\桌面\moda_cs527\MockDBMS\bin\Release\MockDBMS.dll" />
    </Deployment>
    <Execution>
      <TestTypeSpecific />
      <AgentRule name="Execution Agents">
      </AgentRule>
    </Execution>
  </TestSettings>
  <Times creation="2020-11-08T19:19:07.1718473+08:00" queuing="2020-11-08T19:19:08.2299953+08:00" start="2020-11-08T19:19:08.3895573+08:00" finish="2020-11-08T19:19:09.9263913+08:00" />
  <ResultSummary outcome="Completed">
    <Counters total="4" executed="4" passed="4" error="0" failed="0" timeout="0" aborted="0" inconclusive="0" passedButRunAborted="0" notRunnable="0" notExecuted="0" disconnected="0" warning="0" completed="0" inProgress="0" pending="0" />
  </ResultSummary>
  <TestDefinitions>
    <UnitTest name="testTest" storage="c:\documents and settings\wei\桌面\moda_cs527\testdbapp\bin\release\testdbapp.dll" id="00f220a2-f150-dde3-376d-fefb289ba9b9">
      <Execution id="0f726fc2-e6bb-4303-9d93-eaceef323a02" />
      <TestMethod codeBase="C:/Documents and Settings/Wei/桌面/moda_cs527/TestDBApp/bin/Release/TestDBApp.DLL" adapterTypeName="Microsoft.VisualStudio.TestTools.TestTypes.Unit.UnitTestAdapter, Microsoft.VisualStudio.QualityTools.Tips.UnitTest.Adapter, Version=10.0.0.0, Culture=neutral, PublicKeyToken=b03f5f7f11d50a3a" className="TestDBApp.PexTestClassTest, TestDBApp, Version=1.0.0.0, Culture=neutral, PublicKeyToken=null" name="testTest" />
    </UnitTest>
    <UnitTest name="TestMain" storage="c:\documents and settings\wei\桌面\moda_cs527\testdbapp\bin\release\testdbapp.dll" id="467bbc26-d123-8fe0-f79e-4acbdff39ad4">
      <Execution id="71bc339d-6238-4747-bb0b-7a3b5fbd9040" />
      <TestMethod codeBase="C:/Documents and Settings/Wei/桌面/moda_cs527/TestDBApp/bin/Release/TestDBApp.DLL" adapterTypeName="Microsoft.VisualStudio.TestTools.TestTypes.Unit.UnitTestAdapter, Microsoft.VisualStudio.QualityTools.Tips.UnitTest.Adapter, Version=10.0.0.0, Culture=neutral, PublicKeyToken=b03f5f7f11d50a3a" className="MyApplication.PexTestClass, TestDBApp, Version=1.0.0.0, Culture=neutral, PublicKeyToken=null" name="TestMain" />
    </UnitTest>
    <UnitTest name="testExample" storage="c:\documents and settings\wei\桌面\moda_cs527\testdbapp\bin\release\testdbapp.dll" id="861209ae-ecf9-51bf-5f5b-72ef591bb0e3">
      <Execution id="15685474-4f33-475f-bb33-0e3c0f778399" />
      <TestMethod codeBase="C:/Documents and Settings/Wei/桌面/moda_cs527/TestDBApp/bin/Release/TestDBApp.DLL" adapterTypeName="Microsoft.VisualStudio.TestTools.TestTypes.Unit.UnitTestAdapter, Microsoft.VisualStudio.QualityTools.Tips.UnitTest.Adapter, Version=10.0.0.0, Culture=neutral, PublicKeyToken=b03f5f7f11d50a3a" className="TestDBApp.PexTestClassTest, TestDBApp, Version=1.0.0.0, Culture=neutral, PublicKeyToken=null" name="testExample" />
    </UnitTest>
    <UnitTest name="testMe" storage="c:\documents and settings\wei\桌面\moda_cs527\testdbapp\bin\release\testdbapp.dll" id="e77281f7-102b-058d-de4c-d076845bcac1">
      <Execution id="9b05f0ef-ac6b-4f0a-bdf6-bc08ebc458c6" />
      <TestMethod codeBase="C:/Documents and Settings/Wei/桌面/moda_cs527/TestDBApp/bin/Release/TestDBApp.DLL" adapterTypeName="Microsoft.VisualStudio.TestTools.TestTypes.Unit.UnitTestAdapter, Microsoft.VisualStudio.QualityTools.Tips.UnitTest.Adapter, Version=10.0.0.0, Culture=neutral, PublicKeyToken=b03f5f7f11d50a3a" className="MyApplication.PexTestClass, TestDBApp, Version=1.0.0.0, Culture=neutral, PublicKeyToken=null" name="testMe" />
    </UnitTest>
  </TestDefinitions>
  <TestLists>
    <TestList name="列表中未列出的结果" id="8c84fa94-04c1-424b-9868-57a2d4851a1d" />
    <TestList name="所有已加载的结果" id="19431567-8539-422a-85d7-44ee4e166bda" />
  </TestLists>
  <TestEntries>
    <TestEntry testId="467bbc26-d123-8fe0-f79e-4acbdff39ad4" executionId="71bc339d-6238-4747-bb0b-7a3b5fbd9040" testListId="8c84fa94-04c1-424b-9868-57a2d4851a1d" />
    <TestEntry testId="e77281f7-102b-058d-de4c-d076845bcac1" executionId="9b05f0ef-ac6b-4f0a-bdf6-bc08ebc458c6" testListId="8c84fa94-04c1-424b-9868-57a2d4851a1d" />
    <TestEntry testId="861209ae-ecf9-51bf-5f5b-72ef591bb0e3" executionId="15685474-4f33-475f-bb33-0e3c0f778399" testListId="8c84fa94-04c1-424b-9868-57a2d4851a1d" />
    <TestEntry testId="00f220a2-f150-dde3-376d-fefb289ba9b9" executionId="0f726fc2-e6bb-4303-9d93-eaceef323a02" testListId="8c84fa94-04c1-424b-9868-57a2d4851a1d" />
  </TestEntries>
  <Results>
    <UnitTestResult executionId="71bc339d-6238-4747-bb0b-7a3b5fbd9040" testId="467bbc26-d123-8fe0-f79e-4acbdff39ad4" testName="TestMain" computerName="PKU-AAF96026023" duration="00:00:00.1676970" startTime="2020-11-08T19:19:08.4567413+08:00" endTime="2020-11-08T19:19:09.3637253+08:00" testType="13cdc9d9-ddb5-4fa4-a97d-d965ccfc6d4b" outcome="Passed" testListId="8c84fa94-04c1-424b-9868-57a2d4851a1d" relativeResultsDirectory="71bc339d-6238-4747-bb0b-7a3b5fbd9040">
      <Output>
        <StdOut>Table : persons
Table : lastname
Table : "Smith"</StdOut>
      </Output>
    </UnitTestResult>
    <UnitTestResult executionId="9b05f0ef-ac6b-4f0a-bdf6-bc08ebc458c6" testId="e77281f7-102b-058d-de4c-d076845bcac1" testName="testMe" computerName="PKU-AAF96026023" duration="00:00:00.0181903" startTime="2020-11-08T19:19:09.3721233+08:00" endTime="2020-11-08T19:19:09.4057153+08:00" testType="13cdc9d9-ddb5-4fa4-a97d-d965ccfc6d4b" outcome="Passed" testListId="8c84fa94-04c1-424b-9868-57a2d4851a1d" relativeResultsDirectory="9b05f0ef-ac6b-4f0a-bdf6-bc08ebc458c6">
      <Output>
        <StdOut>Table : firstname
Table : x
Table : persons
WHERE
Table : lastname</StdOut>
      </Output>
    </UnitTestResult>
    <UnitTestResult executionId="15685474-4f33-475f-bb33-0e3c0f778399" testId="861209ae-ecf9-51bf-5f5b-72ef591bb0e3" testName="testExample" computerName="PKU-AAF96026023" duration="00:00:00.0012060" startTime="2020-11-08T19:19:09.4141133+08:00" endTime="2020-11-08T19:19:09.4225113+08:00" testType="13cdc9d9-ddb5-4fa4-a97d-d965ccfc6d4b" outcome="Passed" testListId="8c84fa94-04c1-424b-9868-57a2d4851a1d" relativeResultsDirectory="15685474-4f33-475f-bb33-0e3c0f778399">
      <Output>
        <StdOut>Table : persons
Table : lastname
Table : "Smith"</StdOut>
      </Output>
    </UnitTestResult>
    <UnitTestResult executionId="0f726fc2-e6bb-4303-9d93-eaceef323a02" testId="00f220a2-f150-dde3-376d-fefb289ba9b9" testName="testTest" computerName="PKU-AAF96026023" duration="00:00:00.0002341" startTime="2020-11-08T19:19:09.4309093+08:00" endTime="2020-11-08T19:19:09.4393073+08:00" testType="13cdc9d9-ddb5-4fa4-a97d-d965ccfc6d4b" outcome="Passed" testListId="8c84fa94-04c1-424b-9868-57a2d4851a1d" relativeResultsDirectory="0f726fc2-e6bb-4303-9d93-eaceef323a02">
      <Output>
        <StdOut>Table : persons
Table : lastname
Table : "Smith"</StdOut>
      </Output>
    </UnitTestResult>
  </Results>
</TestRun>